// Jest Snapshot v1, https://goo.gl/fbAQLP

exports[`<ProductDisplay /> should render properly 1`] = `ShallowWrapper {}`;
