// Jest Snapshot v1, https://goo.gl/fbAQLP

exports[`<ProductTable /> renders Components properly 1`] = `ShallowWrapper {}`;
