// Jest Snapshot v1, https://goo.gl/fbAQLP

exports[`<ProductsAndSuppliers /> renders correctly 1`] = `ShallowWrapper {}`;
