// Jest Snapshot v1, https://goo.gl/fbAQLP

exports[`<SupplierDisplay /> renders properly 1`] = `ShallowWrapper {}`;
