// Jest Snapshot v1, https://goo.gl/fbAQLP

exports[`<SupplierTable /> renders Components properly 1`] = `ShallowWrapper {}`;
